Copyright 1986-2022 Xilinx, Inc. All Rights Reserved. Copyright 2022-2024 Advanced Micro Devices, Inc. All Rights Reserved.
---------------------------------------------------------------------------------------------------------------------------------------------
| Tool Version : Vivado v.2024.1 (lin64) Build 5076996 Wed May 22 18:36:09 MDT 2024
| Date         : Thu Jan 29 20:16:30 2026
| Host         : Younes running 64-bit Ubuntu 24.04.3 LTS
| Command      : report_timing -nworst 1 -delay_type max -sort_by group -file reports_cva6_fpga_impl/cva6_fpga.timing.rpt
| Design       : cva6_zybo_z7_20
| Device       : 7z020-clg400
| Speed File   : -1  PRODUCTION 1.12 2019-11-22
| Design State : Routed
---------------------------------------------------------------------------------------------------------------------------------------------

Timing Report

Slack (MET) :             0.560ns  (required time - arrival time)
  Source:                 i_ariane/i_cva6/issue_stage_i/i_issue_read_operands/mult_valid_q_reg[0]/C
                            (rising edge-triggered cell FDCE clocked by clk_out1_xlnx_clk_gen  {rise@0.000ns fall@12.500ns period=25.000ns})
  Destination:            i_ariane/i_cva6/ex_stage_i/i_mult/bfy4_o1_q_reg[29]/D
                            (rising edge-triggered cell FDCE clocked by clk_out1_xlnx_clk_gen  {rise@0.000ns fall@12.500ns period=25.000ns})
  Path Group:             clk_out1_xlnx_clk_gen
  Path Type:              Setup (Max at Slow Process Corner)
  Requirement:            25.000ns  (clk_out1_xlnx_clk_gen rise@25.000ns - clk_out1_xlnx_clk_gen rise@0.000ns)
  Data Path Delay:        24.349ns  (logic 12.040ns (49.448%)  route 12.309ns (50.552%))
  Logic Levels:           27  (CARRY4=13 DSP48E1=2 LUT1=1 LUT2=2 LUT3=1 LUT4=1 LUT6=3 MUXF7=2 MUXF8=2)
  Clock Path Skew:        -0.071ns (DCD - SCD + CPR)
    Destination Clock Delay (DCD):    -1.617ns = ( 23.383 - 25.000 ) 
    Source Clock Delay      (SCD):    -0.979ns
    Clock Pessimism Removal (CPR):    0.567ns
  Clock Uncertainty:      0.082ns  ((TSJ^2 + DJ^2)^1/2) / 2 + PE
    Total System Jitter     (TSJ):    0.071ns
    Discrete Jitter          (DJ):    0.149ns
    Phase Error              (PE):    0.000ns

    Location             Delay type                Incr(ns)  Path(ns)    Netlist Resource(s)
  -------------------------------------------------------------------    -------------------
                         (clock clk_out1_xlnx_clk_gen rise edge)
                                                      0.000     0.000 r  
    K17                                               0.000     0.000 r  clk_sys (IN)
                         net (fo=0)                   0.000     0.000    i_xlnx_clk_gen/inst/clk_in1
    K17                  IBUF (Prop_ibuf_I_O)         1.475     1.475 r  i_xlnx_clk_gen/inst/clkin1_ibufg/O
                         net (fo=1, routed)           1.285     2.760    i_xlnx_clk_gen/inst/clk_in1_xlnx_clk_gen
    MMCME2_ADV_X1Y2      MMCME2_ADV (Prop_mmcme2_adv_CLKIN1_CLKOUT0)
                                                     -7.759    -4.999 r  i_xlnx_clk_gen/inst/mmcm_adv_inst/CLKOUT0
                         net (fo=1, routed)           2.206    -2.793    i_xlnx_clk_gen/inst/clk_out1_xlnx_clk_gen
    BUFGCTRL_X0Y16       BUFG (Prop_bufg_I_O)         0.101    -2.692 r  i_xlnx_clk_gen/inst/clkout1_buf/O
                         net (fo=31820, routed)       1.713    -0.979    i_ariane/i_cva6/issue_stage_i/i_issue_read_operands/clk_out1
    SLICE_X59Y98         FDCE                                         r  i_ariane/i_cva6/issue_stage_i/i_issue_read_operands/mult_valid_q_reg[0]/C
  -------------------------------------------------------------------    -------------------
    SLICE_X59Y98         FDCE (Prop_fdce_C_Q)         0.419    -0.560 r  i_ariane/i_cva6/issue_stage_i/i_issue_read_operands/mult_valid_q_reg[0]/Q
                         net (fo=613, routed)         1.657     1.097    i_ariane/i_cva6/issue_stage_i/i_issue_read_operands/mult_valid_q_reg[0]_0
    SLICE_X47Y112        LUT2 (Prop_lut2_I0_O)        0.299     1.396 r  i_ariane/i_cva6/issue_stage_i/i_issue_read_operands/x0__2_i_3875/O
                         net (fo=64, routed)          1.514     2.910    i_ariane/i_cva6/ex_stage_i/i_mult/x0__2_i_1200_0
    SLICE_X29Y117        LUT6 (Prop_lut6_I2_O)        0.124     3.034 r  i_ariane/i_cva6/ex_stage_i/i_mult/x0__2_i_2680/O
                         net (fo=1, routed)           0.000     3.034    i_ariane/i_cva6/ex_stage_i/i_mult/x0__2_i_2680_n_0
    SLICE_X29Y117        MUXF7 (Prop_muxf7_I0_O)      0.238     3.272 r  i_ariane/i_cva6/ex_stage_i/i_mult/x0__2_i_1203/O
                         net (fo=1, routed)           0.000     3.272    i_ariane/i_cva6/ex_stage_i/i_mult/x0__2_i_1203_n_0
    SLICE_X29Y117        MUXF8 (Prop_muxf8_I0_O)      0.104     3.376 r  i_ariane/i_cva6/ex_stage_i/i_mult/x0__2_i_465/O
                         net (fo=1, routed)           1.559     4.936    i_ariane/i_cva6/ex_stage_i/i_mult/x0__2_i_465_n_0
    SLICE_X44Y105        LUT6 (Prop_lut6_I3_O)        0.316     5.252 r  i_ariane/i_cva6/ex_stage_i/i_mult/x0__2_i_168/O
                         net (fo=1, routed)           0.000     5.252    i_ariane/i_cva6/ex_stage_i/i_mult/x0__2_i_168_n_0
    SLICE_X44Y105        MUXF7 (Prop_muxf7_I1_O)      0.217     5.469 r  i_ariane/i_cva6/ex_stage_i/i_mult/x0__2_i_76/O
                         net (fo=1, routed)           0.000     5.469    i_ariane/i_cva6/ex_stage_i/i_mult/x0__2_i_76_n_0
    SLICE_X44Y105        MUXF8 (Prop_muxf8_I1_O)      0.094     5.563 r  i_ariane/i_cva6/ex_stage_i/i_mult/x0__2_i_30/O
                         net (fo=1, routed)           0.977     6.540    i_ariane/i_cva6/issue_stage_i/i_issue_read_operands/q15_round0_return0__6_11
    SLICE_X49Y87         LUT6 (Prop_lut6_I4_O)        0.316     6.856 r  i_ariane/i_cva6/issue_stage_i/i_issue_read_operands/x0__2_i_7/O
                         net (fo=4, routed)           1.684     8.539    i_ariane/i_cva6/ex_stage_i/i_mult/B[9]
    DSP48_X3Y34          DSP48E1 (Prop_dsp48e1_B[9]_P[1])
                                                      3.656    12.195 f  i_ariane/i_cva6/ex_stage_i/i_mult/x0__2/P[1]
                         net (fo=1, routed)           0.938    13.133    i_ariane/i_cva6/ex_stage_i/i_mult/x0__2_n_104
    SLICE_X93Y78         LUT1 (Prop_lut1_I0_O)        0.124    13.257 r  i_ariane/i_cva6/ex_stage_i/i_mult/q15_round0_return0__3_i_27/O
                         net (fo=1, routed)           0.000    13.257    i_ariane/i_cva6/ex_stage_i/i_mult/q15_round0_return0__3_i_27_n_0
    SLICE_X93Y78         CARRY4 (Prop_carry4_S[1]_CO[3])
                                                      0.550    13.807 r  i_ariane/i_cva6/ex_stage_i/i_mult/q15_round0_return0__3_i_5/CO[3]
                         net (fo=1, routed)           0.000    13.807    i_ariane/i_cva6/ex_stage_i/i_mult/q15_round0_return0__3_i_5_n_0
    SLICE_X93Y79         CARRY4 (Prop_carry4_CI_CO[3])
                                                      0.114    13.921 r  i_ariane/i_cva6/ex_stage_i/i_mult/q15_round0_return0__3_i_4/CO[3]
                         net (fo=1, routed)           0.000    13.921    i_ariane/i_cva6/ex_stage_i/i_mult/q15_round0_return0__3_i_4_n_0
    SLICE_X93Y80         CARRY4 (Prop_carry4_CI_CO[3])
                                                      0.114    14.035 r  i_ariane/i_cva6/ex_stage_i/i_mult/q15_round0_return0__3_i_3/CO[3]
                         net (fo=1, routed)           0.000    14.035    i_ariane/i_cva6/ex_stage_i/i_mult/q15_round0_return0__3_i_3_n_0
    SLICE_X93Y81         CARRY4 (Prop_carry4_CI_CO[3])
                                                      0.114    14.149 r  i_ariane/i_cva6/ex_stage_i/i_mult/q15_round0_return0__3_i_2/CO[3]
                         net (fo=1, routed)           0.000    14.149    i_ariane/i_cva6/ex_stage_i/i_mult/q15_round0_return0__3_i_2_n_0
    SLICE_X93Y82         CARRY4 (Prop_carry4_CI_CO[3])
                                                      0.114    14.263 r  i_ariane/i_cva6/ex_stage_i/i_mult/q15_round0_return0__3_i_1/CO[3]
                         net (fo=1, routed)           0.000    14.263    i_ariane/i_cva6/ex_stage_i/i_mult/q15_round0_return0__3_i_1_n_0
    SLICE_X93Y83         CARRY4 (Prop_carry4_CI_CO[3])
                                                      0.114    14.377 r  i_ariane/i_cva6/ex_stage_i/i_mult/q15_round0_return0__3_i_8/CO[3]
                         net (fo=1, routed)           0.000    14.377    i_ariane/i_cva6/ex_stage_i/i_mult/q15_round0_return0__3_i_8_n_0
    SLICE_X93Y84         CARRY4 (Prop_carry4_CI_CO[3])
                                                      0.114    14.491 r  i_ariane/i_cva6/ex_stage_i/i_mult/q15_round0_return0__3_i_7/CO[3]
                         net (fo=1, routed)           0.000    14.491    i_ariane/i_cva6/ex_stage_i/i_mult/q15_round0_return0__3_i_7_n_0
    SLICE_X93Y85         CARRY4 (Prop_carry4_CI_O[2])
                                                      0.239    14.730 r  i_ariane/i_cva6/ex_stage_i/i_mult/q15_round0_return0__3_i_6/O[2]
                         net (fo=18, routed)          1.071    15.801    i_ariane/i_cva6/ex_stage_i/i_mult/q15_round0_return0__3_i_6_n_5
    DSP48_X3Y31          DSP48E1 (Prop_dsp48e1_A[21]_P[16])
                                                      2.255    18.056 r  i_ariane/i_cva6/ex_stage_i/i_mult/q15_round0_return0__3/P[16]
                         net (fo=7, routed)           1.349    19.406    i_ariane/i_cva6/ex_stage_i/i_mult/q15_round0_return[1]
    SLICE_X82Y72         LUT2 (Prop_lut2_I1_O)        0.124    19.530 r  i_ariane/i_cva6/ex_stage_i/i_mult/bfy4_o1_q[23]_i_13/O
                         net (fo=1, routed)           0.000    19.530    i_ariane/i_cva6/ex_stage_i/i_mult/bfy4_o1_q[23]_i_13_n_0
    SLICE_X82Y72         CARRY4 (Prop_carry4_S[1]_CO[3])
                                                      0.533    20.063 r  i_ariane/i_cva6/ex_stage_i/i_mult/bfy4_o1_q_reg[23]_i_10/CO[3]
                         net (fo=1, routed)           0.000    20.063    i_ariane/i_cva6/ex_stage_i/i_mult/bfy4_o1_q_reg[23]_i_10_n_0
    SLICE_X82Y73         CARRY4 (Prop_carry4_CI_CO[3])
                                                      0.117    20.180 r  i_ariane/i_cva6/ex_stage_i/i_mult/bfy4_o1_q_reg[27]_i_10/CO[3]
                         net (fo=1, routed)           0.000    20.180    i_ariane/i_cva6/ex_stage_i/i_mult/bfy4_o1_q_reg[27]_i_10_n_0
    SLICE_X82Y74         CARRY4 (Prop_carry4_CI_O[2])
                                                      0.239    20.419 f  i_ariane/i_cva6/ex_stage_i/i_mult/bfy4_o1_q_reg[31]_i_10/O[2]
                         net (fo=2, routed)           0.901    21.320    i_ariane/i_cva6/ex_stage_i/i_mult/bfy4_o1_q1[10]
    SLICE_X80Y74         LUT3 (Prop_lut3_I1_O)        0.330    21.650 r  i_ariane/i_cva6/ex_stage_i/i_mult/bfy4_o1_q[27]_i_2/O
                         net (fo=2, routed)           0.648    22.298    i_ariane/i_cva6/ex_stage_i/i_mult/bfy4_o1_q[27]_i_2_n_0
    SLICE_X80Y74         LUT4 (Prop_lut4_I3_O)        0.327    22.625 r  i_ariane/i_cva6/ex_stage_i/i_mult/bfy4_o1_q[27]_i_6/O
                         net (fo=1, routed)           0.000    22.625    i_ariane/i_cva6/ex_stage_i/i_mult/bfy4_o1_q[27]_i_6_n_0
    SLICE_X80Y74         CARRY4 (Prop_carry4_S[3]_CO[3])
                                                      0.401    23.026 r  i_ariane/i_cva6/ex_stage_i/i_mult/bfy4_o1_q_reg[27]_i_1/CO[3]
                         net (fo=1, routed)           0.009    23.035    i_ariane/i_cva6/ex_stage_i/i_mult/bfy4_o1_q_reg[27]_i_1_n_0
    SLICE_X80Y75         CARRY4 (Prop_carry4_CI_O[1])
                                                      0.334    23.369 r  i_ariane/i_cva6/ex_stage_i/i_mult/bfy4_o1_q_reg[31]_i_1/O[1]
                         net (fo=1, routed)           0.000    23.369    i_ariane/i_cva6/ex_stage_i/i_mult/bfy4_o1_q0[13]
    SLICE_X80Y75         FDCE                                         r  i_ariane/i_cva6/ex_stage_i/i_mult/bfy4_o1_q_reg[29]/D
  -------------------------------------------------------------------    -------------------

                         (clock clk_out1_xlnx_clk_gen rise edge)
                                                     25.000    25.000 r  
    K17                                               0.000    25.000 r  clk_sys (IN)
                         net (fo=0)                   0.000    25.000    i_xlnx_clk_gen/inst/clk_in1
    K17                  IBUF (Prop_ibuf_I_O)         1.404    26.404 r  i_xlnx_clk_gen/inst/clkin1_ibufg/O
                         net (fo=1, routed)           1.162    27.566    i_xlnx_clk_gen/inst/clk_in1_xlnx_clk_gen
    MMCME2_ADV_X1Y2      MMCME2_ADV (Prop_mmcme2_adv_CLKIN1_CLKOUT0)
                                                     -7.814    19.752 r  i_xlnx_clk_gen/inst/mmcm_adv_inst/CLKOUT0
                         net (fo=1, routed)           2.012    21.764    i_xlnx_clk_gen/inst/clk_out1_xlnx_clk_gen
    BUFGCTRL_X0Y16       BUFG (Prop_bufg_I_O)         0.091    21.855 r  i_xlnx_clk_gen/inst/clkout1_buf/O
                         net (fo=31820, routed)       1.528    23.383    i_ariane/i_cva6/ex_stage_i/i_mult/clk_out1
    SLICE_X80Y75         FDCE                                         r  i_ariane/i_cva6/ex_stage_i/i_mult/bfy4_o1_q_reg[29]/C
                         clock pessimism              0.567    23.950    
                         clock uncertainty           -0.082    23.868    
    SLICE_X80Y75         FDCE (Setup_fdce_C_D)        0.062    23.930    i_ariane/i_cva6/ex_stage_i/i_mult/bfy4_o1_q_reg[29]
  -------------------------------------------------------------------
                         required time                         23.930    
                         arrival time                         -23.369    
  -------------------------------------------------------------------
                         slack                                  0.560    

Slack (MET) :             1.043ns  (required time - arrival time)
  Source:                 i_dmi_jtag/i_dmi_jtag_tap/td_o_reg/C
                            (falling edge-triggered cell FDCE clocked by tck  {rise@0.000ns fall@50.000ns period=100.000ns})
  Destination:            tdo
                            (output port clocked by tck  {rise@0.000ns fall@50.000ns period=100.000ns})
  Path Group:             tck
  Path Type:              Max at Slow Process Corner
  Requirement:            20.000ns  (MaxDelay Path 20.000ns)
  Data Path Delay:        6.337ns  (logic 4.080ns (64.395%)  route 2.256ns (35.605%))
  Logic Levels:           1  (OBUF=1)
  Output Delay:           5.000ns
  Clock Path Skew:        -7.119ns (DCD - SCD + CPR)
    Destination Clock Delay (DCD):    0.000ns
    Source Clock Delay      (SCD):    7.119ns
    Clock Pessimism Removal (CPR):    0.000ns
  Clock Uncertainty:      0.501ns  ((TSJ^2 + TIJ^2)^1/2 + DJ) / 2 + PE
    Total System Jitter     (TSJ):    0.071ns
    Total Input Jitter      (TIJ):    1.000ns
    Discrete Jitter          (DJ):    0.000ns
    Phase Error              (PE):    0.000ns
  Timing Exception:       MaxDelay Path 20.000ns

    Location             Delay type                Incr(ns)  Path(ns)    Netlist Resource(s)
  -------------------------------------------------------------------    -------------------
                         (clock tck fall edge)        0.000     0.000 f  
    H15                                               0.000     0.000 f  tck (IN)
                         net (fo=0)                   0.000     0.000    tck
    H15                  IBUF (Prop_ibuf_I_O)         1.500     1.500 f  tck_IBUF_inst/O
                         net (fo=1, routed)           3.659     5.159    tck_IBUF
    BUFGCTRL_X0Y0        BUFG (Prop_bufg_I_O)         0.101     5.260 f  tck_IBUF_BUFG_inst/O
                         net (fo=258, routed)         1.859     7.119    i_dmi_jtag/i_dmi_jtag_tap/tck_ni
    SLICE_X112Y82        FDCE                                         r  i_dmi_jtag/i_dmi_jtag_tap/td_o_reg/C  (IS_INVERTED)
  -------------------------------------------------------------------    -------------------
    SLICE_X112Y82        FDCE (Prop_fdce_C_Q)         0.524     7.643 r  i_dmi_jtag/i_dmi_jtag_tap/td_o_reg/Q
                         net (fo=1, routed)           2.256     9.900    tdo_OBUF
    J15                  OBUF (Prop_obuf_I_O)         3.556    13.456 r  tdo_OBUF_inst/O
                         net (fo=0)                   0.000    13.456    tdo
    J15                                                               r  tdo (OUT)
  -------------------------------------------------------------------    -------------------

                         max delay                   20.000    20.000    
                         clock pessimism              0.000    20.000    
                         clock uncertainty           -0.501    19.499    
                         output delay                -5.000    14.499    
  -------------------------------------------------------------------
                         required time                         14.499    
                         arrival time                         -13.456    
  -------------------------------------------------------------------
                         slack                                  1.043    

Slack (MET) :             20.899ns  (required time - arrival time)
  Source:                 i_axi_dwidth_converter_dm_slave/inst/gen_downsizer.gen_simple_downsizer.axi_downsizer_inst/USE_READ.read_addr_inst/cmd_queue/inst/fifo_gen_inst/inst_fifo_gen/gconvfifo.rf/grf.rf/rstblk/ngwrdrst.grst.g7serrst.gnsckt_wrst.rst_wr_reg2_inst/arststages_ff_reg[1]/C
                            (rising edge-triggered cell FDPE clocked by clk_out1_xlnx_clk_gen  {rise@0.000ns fall@12.500ns period=25.000ns})
  Destination:            i_axi_dwidth_converter_dm_slave/inst/gen_downsizer.gen_simple_downsizer.axi_downsizer_inst/USE_READ.read_addr_inst/cmd_queue/inst/fifo_gen_inst/inst_fifo_gen/gconvfifo.rf/grf.rf/gntv_or_sync_fifo.gl0.wr/wpntr/gcc0.gc0.count_reg[4]/CLR
                            (recovery check against rising-edge clock clk_out1_xlnx_clk_gen  {rise@0.000ns fall@12.500ns period=25.000ns})
  Path Group:             **async_default**
  Path Type:              Recovery (Max at Slow Process Corner)
  Requirement:            25.000ns  (clk_out1_xlnx_clk_gen rise@25.000ns - clk_out1_xlnx_clk_gen rise@0.000ns)
  Data Path Delay:        3.659ns  (logic 0.718ns (19.625%)  route 2.941ns (80.375%))
  Logic Levels:           1  (LUT3=1)
  Clock Path Skew:        0.001ns (DCD - SCD + CPR)
    Destination Clock Delay (DCD):    -1.522ns = ( 23.478 - 25.000 ) 
    Source Clock Delay      (SCD):    -0.955ns
    Clock Pessimism Removal (CPR):    0.567ns
  Clock Uncertainty:      0.082ns  ((TSJ^2 + DJ^2)^1/2) / 2 + PE
    Total System Jitter     (TSJ):    0.071ns
    Discrete Jitter          (DJ):    0.149ns
    Phase Error              (PE):    0.000ns

    Location             Delay type                Incr(ns)  Path(ns)    Netlist Resource(s)
  -------------------------------------------------------------------    -------------------
                         (clock clk_out1_xlnx_clk_gen rise edge)
                                                      0.000     0.000 r  
    K17                                               0.000     0.000 r  clk_sys (IN)
                         net (fo=0)                   0.000     0.000    i_xlnx_clk_gen/inst/clk_in1
    K17                  IBUF (Prop_ibuf_I_O)         1.475     1.475 r  i_xlnx_clk_gen/inst/clkin1_ibufg/O
                         net (fo=1, routed)           1.285     2.760    i_xlnx_clk_gen/inst/clk_in1_xlnx_clk_gen
    MMCME2_ADV_X1Y2      MMCME2_ADV (Prop_mmcme2_adv_CLKIN1_CLKOUT0)
                                                     -7.759    -4.999 r  i_xlnx_clk_gen/inst/mmcm_adv_inst/CLKOUT0
                         net (fo=1, routed)           2.206    -2.793    i_xlnx_clk_gen/inst/clk_out1_xlnx_clk_gen
    BUFGCTRL_X0Y16       BUFG (Prop_bufg_I_O)         0.101    -2.692 r  i_xlnx_clk_gen/inst/clkout1_buf/O
                         net (fo=31820, routed)       1.737    -0.955    i_axi_dwidth_converter_dm_slave/inst/gen_downsizer.gen_simple_downsizer.axi_downsizer_inst/USE_READ.read_addr_inst/cmd_queue/inst/fifo_gen_inst/inst_fifo_gen/gconvfifo.rf/grf.rf/rstblk/ngwrdrst.grst.g7serrst.gnsckt_wrst.rst_wr_reg2_inst/dest_clk
    SLICE_X84Y10         FDPE                                         r  i_axi_dwidth_converter_dm_slave/inst/gen_downsizer.gen_simple_downsizer.axi_downsizer_inst/USE_READ.read_addr_inst/cmd_queue/inst/fifo_gen_inst/inst_fifo_gen/gconvfifo.rf/grf.rf/rstblk/ngwrdrst.grst.g7serrst.gnsckt_wrst.rst_wr_reg2_inst/arststages_ff_reg[1]/C
  -------------------------------------------------------------------    -------------------
    SLICE_X84Y10         FDPE (Prop_fdpe_C_Q)         0.419    -0.536 f  i_axi_dwidth_converter_dm_slave/inst/gen_downsizer.gen_simple_downsizer.axi_downsizer_inst/USE_READ.read_addr_inst/cmd_queue/inst/fifo_gen_inst/inst_fifo_gen/gconvfifo.rf/grf.rf/rstblk/ngwrdrst.grst.g7serrst.gnsckt_wrst.rst_wr_reg2_inst/arststages_ff_reg[1]/Q
                         net (fo=3, routed)           1.196     0.660    i_axi_dwidth_converter_dm_slave/inst/gen_downsizer.gen_simple_downsizer.axi_downsizer_inst/USE_READ.read_addr_inst/cmd_queue/inst/fifo_gen_inst/inst_fifo_gen/gconvfifo.rf/grf.rf/rstblk/ngwrdrst.rst_wr_reg2
    SLICE_X90Y9          LUT3 (Prop_lut3_I2_O)        0.299     0.959 f  i_axi_dwidth_converter_dm_slave/inst/gen_downsizer.gen_simple_downsizer.axi_downsizer_inst/USE_READ.read_addr_inst/cmd_queue/inst/fifo_gen_inst/inst_fifo_gen/gconvfifo.rf/grf.rf/rstblk/gpregsm1.curr_fwft_state[1]_i_2/O
                         net (fo=32, routed)          1.745     2.703    i_axi_dwidth_converter_dm_slave/inst/gen_downsizer.gen_simple_downsizer.axi_downsizer_inst/USE_READ.read_addr_inst/cmd_queue/inst/fifo_gen_inst/inst_fifo_gen/gconvfifo.rf/grf.rf/gntv_or_sync_fifo.gl0.wr/wpntr/AR[0]
    SLICE_X100Y9         FDCE                                         f  i_axi_dwidth_converter_dm_slave/inst/gen_downsizer.gen_simple_downsizer.axi_downsizer_inst/USE_READ.read_addr_inst/cmd_queue/inst/fifo_gen_inst/inst_fifo_gen/gconvfifo.rf/grf.rf/gntv_or_sync_fifo.gl0.wr/wpntr/gcc0.gc0.count_reg[4]/CLR
  -------------------------------------------------------------------    -------------------

                         (clock clk_out1_xlnx_clk_gen rise edge)
                                                     25.000    25.000 r  
    K17                                               0.000    25.000 r  clk_sys (IN)
                         net (fo=0)                   0.000    25.000    i_xlnx_clk_gen/inst/clk_in1
    K17                  IBUF (Prop_ibuf_I_O)         1.404    26.404 r  i_xlnx_clk_gen/inst/clkin1_ibufg/O
                         net (fo=1, routed)           1.162    27.566    i_xlnx_clk_gen/inst/clk_in1_xlnx_clk_gen
    MMCME2_ADV_X1Y2      MMCME2_ADV (Prop_mmcme2_adv_CLKIN1_CLKOUT0)
                                                     -7.814    19.752 r  i_xlnx_clk_gen/inst/mmcm_adv_inst/CLKOUT0
                         net (fo=1, routed)           2.012    21.764    i_xlnx_clk_gen/inst/clk_out1_xlnx_clk_gen
    BUFGCTRL_X0Y16       BUFG (Prop_bufg_I_O)         0.091    21.855 r  i_xlnx_clk_gen/inst/clkout1_buf/O
                         net (fo=31820, routed)       1.623    23.478    i_axi_dwidth_converter_dm_slave/inst/gen_downsizer.gen_simple_downsizer.axi_downsizer_inst/USE_READ.read_addr_inst/cmd_queue/inst/fifo_gen_inst/inst_fifo_gen/gconvfifo.rf/grf.rf/gntv_or_sync_fifo.gl0.wr/wpntr/clk
    SLICE_X100Y9         FDCE                                         r  i_axi_dwidth_converter_dm_slave/inst/gen_downsizer.gen_simple_downsizer.axi_downsizer_inst/USE_READ.read_addr_inst/cmd_queue/inst/fifo_gen_inst/inst_fifo_gen/gconvfifo.rf/grf.rf/gntv_or_sync_fifo.gl0.wr/wpntr/gcc0.gc0.count_reg[4]/C
                         clock pessimism              0.567    24.046    
                         clock uncertainty           -0.082    23.964    
    SLICE_X100Y9         FDCE (Recov_fdce_C_CLR)     -0.361    23.603    i_axi_dwidth_converter_dm_slave/inst/gen_downsizer.gen_simple_downsizer.axi_downsizer_inst/USE_READ.read_addr_inst/cmd_queue/inst/fifo_gen_inst/inst_fifo_gen/gconvfifo.rf/grf.rf/gntv_or_sync_fifo.gl0.wr/wpntr/gcc0.gc0.count_reg[4]
  -------------------------------------------------------------------
                         required time                         23.603    
                         arrival time                          -2.703    
  -------------------------------------------------------------------
                         slack                                 20.899    




